
 @@@@@@@@@@@@@@@@@@@@@@@@@@@@@@@@@@@@@@@@@@@@@@@@@@
 @                                                @
 @       Reduction of Orbital Space Extent        @
 @                     (ROSE)                     @
 @                                                @
 @ By Bruno Senjean, Souloke Sen, Michal Repisky, @
 @        Gerald Knizia and Lucas Visscher.       @
 @@@@@@@@@@@@@@@@@@@@@@@@@@@@@@@@@@@@@@@@@@@@@@@@@@

 Select algebra (rcq) based on the use of restricted and spatial orbitals:
   rcq = 1, 2 or 4  : real, complex or quaternion algebra, respectively
   restricted       :  T
   spatial_orbitals :  T
   rcq              :  1

 ####################################
 #      Molecular  Coordinates      #
 ####################################

Atom    Z           X           Y           Z
N    7.00 -2.63728288 -0.04074250  0.00007559
H    1.00 -3.07989454  1.81621578 -0.20072671
H    1.00 -3.52012514 -0.96856023 -1.42857626
H    1.00 -3.46490734 -0.62506471  1.62952974
H    1.00  1.14657243 -0.06417510 -0.00119053
H    1.00  3.66705134 -1.47398638  0.00041574
O    8.00  2.96403543  0.20010310  0.00001890

 ####################################
 #         Basis set size           #
 #               and                #
 #      Canonical MO Energies       #
 ####################################

 No. basis functions    B1:     45
 No. molecular orbitals B1:     43
 No. occupied  orbitals B1:      8
 No. molecular orbitals B2:     13


 ####################################
 #   Intrinsic Fragments Orbitals   #
 ####################################

  Version: Standard 2013

  --- Check Symmetrical Orthogonalization ---
**SUCCESS** Symmetrical orthogonalization was successful, norm:  0.5209E-14


  --- Check Symmetrical Orthogonalization ---
**SUCCESS** Symmetrical orthogonalization was successful, norm:  0.8995E-14

 ####################################
 #  Partial charges of fragments    #
 ####################################

       Fragment      Charge
   frag0           0.144506
   frag1          -0.144506



 ####################################
 # Intrinsic Localized occupied MOs #
 ####################################


 ----- Percentage of localization before the localization procedure -----

 MO Localized on fragments (with %) (thrs = 0.01, first ten are shown)
  1     -1.2682 [    2]
                [ 99.8]
  2     -1.1641 [    1    2]
                [ 98.6  1.4]
  3     -0.6368 [    1    2]
                [ 96.7  3.3]
  4     -0.6365 [    1    2]
                [ 97.4  2.6]
  5     -0.6183 [    1    2]
                [  9.5 90.5]
  6     -0.4782 [    1    2]
                [ 16.8 83.2]
  7     -0.4207 [    1    2]
                [ 73.5 26.5]
  8     -0.4041 [    2]
                [100.0]

 ----- Localization procedure: 2x2 Rotations -----
 (Exponent = 4)

 Iter        Function    Gradient
    1        6.158232    7.17E-02
    2        7.711248    1.33E-02
    3        7.734115    2.43E-03
    4        7.734697    1.55E-04
    5        7.734699    5.12E-10
    6        7.734699    5.62E-16

 ******************************************
 Final converged values (it, func, fGrad):
    6            7.7346993429224256  5.6232E-16
 ******************************************


 ----- Percentage of localization after the localization procedure -----

 MO Localized on fragments (with %) (thrs = 0.01, first ten are shown)
  1 [    1]
    [100.0]
  2 [    1]
    [100.0]
  3 [    1]
    [100.0]
  4 [    1    2]
    [ 92.7  7.3]
  5 [    2]
    [100.0]
  6 [    2]
    [100.0]
  7 [    2]
    [ 99.9]
  8 [    2]
    [100.0]

 ----- Percentage of localization after recanonization -----

 MO Localized on fragments (with %) (thrs = 0.01, first ten are shown)
  1     -1.1637 [    1    2]
                [ 98.9  1.1]
  2     -0.6367 [    1]
                [100.0]
  3     -0.6356 [    1]
                [100.0]
  4     -0.4388 [    1    2]
                [ 93.9  6.1]
  5     -1.2677 [    2]
                [100.0]
  6     -0.6128 [    2]
                [ 99.9]
  7     -0.4675 [    2]
                [100.0]
  8     -0.4041 [    2]
                [100.0]


 ############################################
 # Intrinsic Localized valence virtual MOs  #
 ############################################


 ----- Percentage of localization before the localization procedure -----

 MO Localized on fragments (with %) (thrs = 0.01, first ten are shown)
  1      0.2283 [    1    2]
                [ 15.1 84.9]
  2      0.3208 [    1]
                [ 99.7]
  3      0.3334 [    1]
                [100.0]
  4      0.3357 [    1    2]
                [ 43.7 56.3]
  5      0.4894 [    1    2]
                [ 48.8 51.2]

 ----- Localization procedure: 2x2 Rotations -----
 (Exponent = 4)

 Iter        Function    Gradient
    1        2.770046    5.77E-02
    2        4.708148    2.91E-02
    3        4.734692    6.88E-04
    4        4.734699    1.31E-09
    5        4.734699    4.51E-17

 ******************************************
 Final converged values (it, func, fGrad):
    5            4.7346993456677975  4.5129E-17
 ******************************************


 ----- Percentage of localization after the localization procedure -----

 MO Localized on fragments (with %) (thrs = 0.01, first ten are shown)
  1 [    1]
    [100.0]
  2 [    1]
    [100.0]
  3 [    1]
    [ 99.9]
  4 [    1    2]
    [  7.3 92.7]
  5 [    2]
    [100.0]

 ####################################
 #      Additional virtuals         #
 ####################################

 No. molecular virtuals B3:     30
 No. selected  virtuals B3:     12
 No. reference virtuals B4:     25


 ####################################
 #   Intrinsic Fragments Orbitals   #
 ####################################

  Version: Standard 2013

  --- Check Symmetrical Orthogonalization ---
**SUCCESS** Symmetrical orthogonalization was successful, norm:  0.6791E-14


  --- Check Symmetrical Orthogonalization ---
**SUCCESS** Symmetrical orthogonalization was successful, norm:  0.1394E-13


 ##############################################
 # Intrinsic Localized additional virtual MOs #
 ##############################################


 ----- Localization procedure: 2x2 Rotations -----
 (Exponent = 4)

 Iter        Function    Gradient
    1        7.981183    3.04E-02
    2       11.375315    7.75E-03
    3       11.436209    2.11E-03
    4       11.438642    6.09E-04
    5       11.438844    8.66E-07
    6       11.438844    1.30E-09
    7       11.438844    1.22E-14
    8       11.438844    8.55E-18

 ******************************************
 Final converged values (it, func, fGrad):
    8           11.4388444035561534  8.5465E-18
 ******************************************


 ----- Percentage of localization after the localization procedure -----

 MO Localized on fragments (with %) (thrs = 0.01, first ten are shown)
  1 [    1]
    [100.0]
  2 [    1]
    [100.0]
  3 [    1]
    [100.0]
  4 [    1]
    [100.0]
  5 [    1]
    [100.0]
  6 [    1]
    [100.0]
  7 [    1    2]
    [ 81.8 18.2]
  8 [    2]
    [100.0]
  9 [    2]
    [100.0]
 10 [    2]
    [100.0]
 11 [    2]
    [100.0]
 12 [    2]
    [ 99.8]

 ----- Recanonicalized virtual energies of fragments -----

    Fragment          MO              Energy
           1           1         0.238657887
           1           2         0.333404550
           1           3         0.335695048
           1           4         0.795796018
           1           5         0.797974496
           1           6         1.012927050
           1           7         1.318069512
           1           8         1.353480338
           1           9         1.357502722
           1          10         1.751989727
           2           1         0.317395770
           2           2         0.485932217
           2           3         0.939210382
           2           4         1.027959078
           2           5         1.591697256
           2           6         1.646503991
           2           7         1.836937770

 ####################################
 #         Starting TESTS           #
 ####################################

 The matrix is normalized.
 The matrix is normalized.
 The matrix is normalized.
 Deviation of IBO_RDM from HF_RDM  :   2.9219992649663296E-014
 Deviation from orthogonality      :   3.5376928909472871E-009
 Deviation from orthogonality      :   1.3829695312569248E-014
 Deviation in number of electrons  :   1.3485568217674881E-009
 Deviation in number of electrons  :  -3.5527136788005009E-014
 HF energy (moB1)   :   -130.74589335371624
 HF energy (IAO)    :   -130.74589336993611
 HF energy (IBO/MO) :   -130.74589335371610
 Deviation from the HF energy in the original basis and in the IAO basis:  -1.62198717E-08
 Deviation from the HF energy in the original basis and in the IBO basis:   1.42108547E-13

 @@@@@@@@@@@@@@@@@@@@@@@@@@@@@@@@@@@@@@@@@@@@@@@@@@
 @                                                @
 @       Reduction of Orbital Space Extent        @
 @                                                @
 @                      END                       @
 @                                                @
 @@@@@@@@@@@@@@@@@@@@@@@@@@@@@@@@@@@@@@@@@@@@@@@@@@
