
 @@@@@@@@@@@@@@@@@@@@@@@@@@@@@@@@@@@@@@@@@@@@@@@@@@
 @                                                @
 @       Reduction of Orbital Space Extent        @
 @                     (ROSE)                     @
 @                                                @
 @ By Bruno Senjean, Souloke Sen, Michal Repisky, @
 @        Gerald Knizia and Lucas Visscher.       @
 @@@@@@@@@@@@@@@@@@@@@@@@@@@@@@@@@@@@@@@@@@@@@@@@@@

 Select algebra (rcq) based on the use of restricted and spatial orbitals:
   rcq = 1, 2 or 4  : real, complex or quaternion algebra, respectively
   restricted       :  T
   spatial_orbitals :  T
   rcq              :  1

 ####################################
 #      Molecular  Coordinates      #
 ####################################

Atom    Z           X           Y           Z
O    8.00  0.00000000  0.00000000  1.12196819
H    1.00  0.00000000  1.44647196 -0.01579811
H    1.00  0.00000000 -1.44647196 -0.01579811

 ####################################
 #         Basis set size           #
 #               and                #
 #      Canonical MO Energies       #
 ####################################

 No. basis functions    B1:     21
 No. molecular orbitals B1:     20
 No. occupied  orbitals B1:      4
 No. molecular orbitals B2:      6


 ####################################
 #   Intrinsic Fragments Orbitals   #
 ####################################

  Version: Standard 2013

  --- Check Symmetrical Orthogonalization ---
**SUCCESS** Symmetrical orthogonalization was successful, norm:  0.1151E-14


  --- Check Symmetrical Orthogonalization ---
**SUCCESS** Symmetrical orthogonalization was successful, norm:  0.3537E-14

 ####################################
 #  Partial charges of fragments    #
 ####################################

       Fragment      Charge
   O              -0.550108
   H               0.275054
   H               0.275054



 ####################################
 # Intrinsic Localized occupied MOs #
 ####################################


 ----- Percentage of localization before the localization procedure -----

 MO Localized on fragments (with %) (thrs = 0.01, first ten are shown)
  1     -1.3179 [    1    2    3]
                [ 73.4 13.3 13.3]
  2     -0.6598 [    1    2    3]
                [ 63.0 18.5 18.5]
  3     -0.5175 [    1    2    3]
                [ 91.1  4.4  4.4]
  4     -0.4560 [    1]
                [100.0]

 ----- Localization procedure: 2x2 Rotations -----
 (Exponent = 4)

 Iter        Function    Gradient
    1        2.140506    3.73E-02
    2        2.335013    2.64E-04
    3        2.364897    3.95E-06
    4        2.364897    1.74E-09
    5        2.364897    7.64E-13
    6        2.364897    3.41E-16

 ******************************************
 Final converged values (it, func, fGrad):
    6            2.3648967767875022  3.4120E-16
 ******************************************


 ----- Percentage of localization after the localization procedure -----

 MO Localized on fragments (with %) (thrs = 0.01, first ten are shown)
  1 [    1    3]
    [ 63.8 36.2]
  2 [    1    2]
    [ 63.8 36.2]
  3 [    1]
    [100.0]
  4 [    1]
    [100.0]

 ----- Percentage of localization after recanonization -----

 MO Localized on fragments (with %) (thrs = 0.01, first ten are shown)
  1     -1.3179 [    1    2    3]
                [ 73.4 13.3 13.3]
  2     -0.6598 [    1    2    3]
                [ 63.0 18.5 18.5]
  3     -0.5175 [    1    2    3]
                [ 91.1  4.4  4.4]
  4     -0.4560 [    1]
                [100.0]


 ############################################
 # Intrinsic Localized valence virtual MOs  #
 ############################################


 ----- Percentage of localization before the localization procedure -----

 MO Localized on fragments (with %) (thrs = 0.01, first ten are shown)
  1      0.2524 [    1    2    3]
                [ 35.5 32.3 32.3]
  2      0.3512 [    1    2    3]
                [ 37.0 31.5 31.5]

 ----- Localization procedure: 2x2 Rotations -----
 (Exponent = 4)

 Iter        Function    Gradient
    1        0.075958    4.78E-16

 ******************************************
 Final converged values (it, func, fGrad):
    1            0.0759576827009510  4.7786E-16
 ******************************************


 ----- Percentage of localization after the localization procedure -----

 MO Localized on fragments (with %) (thrs = 0.01, first ten are shown)
  1 [    1    2]
    [ 36.2 63.8]
  2 [    1    3]
    [ 36.2 63.8]

 ####################################
 #      Additional virtuals         #
 ####################################

 No. molecular virtuals B3:     14
 No. selected  virtuals B3:      5
 No. reference virtuals B4:     11


 ####################################
 #   Intrinsic Fragments Orbitals   #
 ####################################

  Version: Standard 2013

  --- Check Symmetrical Orthogonalization ---
**SUCCESS** Symmetrical orthogonalization was successful, norm:  0.2849E-14


  --- Check Symmetrical Orthogonalization ---
**SUCCESS** Symmetrical orthogonalization was successful, norm:  0.6887E-14


 ##############################################
 # Intrinsic Localized additional virtual MOs #
 ##############################################


 ----- Localization procedure: 2x2 Rotations -----
 (Exponent = 4)

 Iter        Function    Gradient
    1        3.172985    6.73E-02
    2        4.823797    1.60E-03
    3        4.823832    7.70E-07
    4        4.823832    3.11E-10
    5        4.823832    2.22E-15
    6        4.823832    8.84E-17

 ******************************************
 Final converged values (it, func, fGrad):
    6            4.8238320453795689  8.8375E-17
 ******************************************


 ----- Percentage of localization after the localization procedure -----

 MO Localized on fragments (with %) (thrs = 0.01, first ten are shown)
  1 [    1]
    [100.0]
  2 [    1]
    [ 99.5]
  3 [    1]
    [ 99.9]
  4 [    1    2]
    [  1.9 98.0]
  5 [    1    3]
    [  1.9 98.0]

 ----- Recanonicalized virtual energies of fragments -----

    Fragment          MO              Energy
           1           1         1.543099244
           1           2         1.597453330
           1           3         1.683789289
           2           1         0.343793188
           2           2         0.947674604
           3           1         0.343793188
           3           2         0.947674604

 ####################################
 #         Starting TESTS           #
 ####################################

 The matrix is normalized.
 The matrix is normalized.
 The matrix is normalized.
 Deviation of IBO_RDM from HF_RDM  :   1.0756043840582849E-014
 Deviation from orthogonality      :   3.6208046498591820E-015
 Deviation from orthogonality      :   5.1121204255647359E-015
 Deviation in number of electrons  :   8.8817841970012523E-015
 Deviation in number of electrons  :   8.8817841970012523E-015
 HF energy (moB1)   :   -75.162062930326002
 HF energy (IAO)    :   -75.162062930326073
 HF energy (IBO/MO) :   -75.162062930326044
 Deviation from the HF energy in the original basis and in the IAO basis:  -7.10542736E-14
 Deviation from the HF energy in the original basis and in the IBO basis:  -4.26325641E-14

 @@@@@@@@@@@@@@@@@@@@@@@@@@@@@@@@@@@@@@@@@@@@@@@@@@
 @                                                @
 @       Reduction of Orbital Space Extent        @
 @                                                @
 @                      END                       @
 @                                                @
 @@@@@@@@@@@@@@@@@@@@@@@@@@@@@@@@@@@@@@@@@@@@@@@@@@
